AR mux32to1_32bit behavioral "C:/Users/xristos ziskas/Documents/Xilinx/organwsh/LAB2/Mux32to1_32bit.vhd" sub00/vhpl23 1520973335
AR d_ff behavioral "C:/Users/xristos ziskas/Documents/Xilinx/organwsh/LAB2/D_ff.vhd" sub00/vhpl11 1520973323
AR rf behavioral "C:/Users/xristos ziskas/Documents/Xilinx/organwsh/LAB2/RF.vhd" sub00/vhpl29 1520973341
AR mux8to1_32bit behavioral "C:/Users/xristos ziskas/Documents/Xilinx/organwsh/LAB2/Mux8to1_32bit.vhd" sub00/vhpl07 1520973319
EN mux4to1_32bit NULL "C:/Users/xristos ziskas/Documents/Xilinx/organwsh/LAB2/Mux4to1_32bit.vhd" sub00/vhpl04 1520973316
AR shiftops behavioral "C:/Users/xristos ziskas/Documents/Xilinx/organwsh/LAB2/shiftOps.vhd" sub00/vhpl17 1520973329
AR semodule behavioral "C:/Users/xristos ziskas/Documents/Xilinx/organwsh/LAB2/Shift_extend.vhd" sub00/vhpl33 1520973345
EN alustage NULL "C:/Users/xristos ziskas/Documents/Xilinx/organwsh/LAB2/ALUSTAGE.vhd" sub00/vhpl46 1520973358
AR arops behavioral "C:/Users/xristos ziskas/Documents/Xilinx/organwsh/LAB2/arOps.vhd" sub00/vhpl15 1520973327
AR mux2to1_5bit behavioral "C:/Users/xristos ziskas/Documents/Xilinx/organwsh/LAB2/Mux2to1_5bits.vhd" sub00/vhpl31 1520973343
AR alu behavioral "C:/Users/xristos ziskas/Documents/Xilinx/organwsh/LAB2/ALU.vhd" sub00/vhpl27 1520973339
EN d_ff NULL "C:/Users/xristos ziskas/Documents/Xilinx/organwsh/LAB2/D_ff.vhd" sub00/vhpl10 1520973322
AR datapath behavioral "C:/Users/xristos ziskas/Documents/Xilinx/organwsh/LAB2/DATAPATH.vhd" sub00/vhpl49 1520973361
EN datapath NULL "C:/Users/xristos ziskas/Documents/Xilinx/organwsh/LAB2/DATAPATH.vhd" sub00/vhpl48 1520973360
AR logicops behavioral "C:/Users/xristos ziskas/Documents/Xilinx/organwsh/LAB2/logicOps.vhd" sub00/vhpl13 1520973325
AR decstage behavioral "C:/Users/xristos ziskas/Documents/Xilinx/organwsh/LAB2/DECSTAGE.vhd" sub00/vhpl45 1520973357
AR alustage behavioral "C:/Users/xristos ziskas/Documents/Xilinx/organwsh/LAB2/ALUSTAGE.vhd" sub00/vhpl47 1520973359
AR reg behavioral "C:/Users/xristos ziskas/Documents/Xilinx/organwsh/LAB2/Reg.vhd" sub00/vhpl21 1520973333
EN shiftops NULL "C:/Users/xristos ziskas/Documents/Xilinx/organwsh/LAB2/shiftOps.vhd" sub00/vhpl16 1520973328
EN mux2to1_5bit NULL "C:/Users/xristos ziskas/Documents/Xilinx/organwsh/LAB2/Mux2to1_5bits.vhd" sub00/vhpl30 1520973342
EN mux8to1_32bit NULL "C:/Users/xristos ziskas/Documents/Xilinx/organwsh/LAB2/Mux8to1_32bit.vhd" sub00/vhpl06 1520973318
EN decode5to32 NULL "C:/Users/xristos ziskas/Documents/Xilinx/organwsh/LAB2/Decode5to32.vhd" sub00/vhpl18 1520973330
EN decstage NULL "C:/Users/xristos ziskas/Documents/Xilinx/organwsh/LAB2/DECSTAGE.vhd" sub00/vhpl44 1520973356
EN compmodule NULL "C:/Users/xristos ziskas/Documents/Xilinx/organwsh/LAB2/CompModule.vhd" sub00/vhpl24 1520973336
EN pc NULL "C:/Users/xristos ziskas/Documents/Xilinx/organwsh/LAB2/PC.vhd" sub00/vhpl36 1520973348
EN memstage NULL "C:/Users/xristos ziskas/Documents/Xilinx/organwsh/LAB2/MEMSTAGE.vhd" sub00/vhpl42 1520973354
AR pc_incrementor behavioral "C:/Users/xristos ziskas/Documents/Xilinx/organwsh/LAB2/PC_Incrementor.vhd" sub00/vhpl35 1520973347
EN mux2to1_32bit NULL "C:/Users/xristos ziskas/Documents/Xilinx/organwsh/LAB2/Mux2to1_32bit.vhd" sub00/vhpl02 1520973314
AR ram syn "C:/Users/xristos ziskas/Documents/Xilinx/organwsh/LAB2/RAM.vhd" sub00/vhpl41 1520973353
AR ifstage behavioral "C:/Users/xristos ziskas/Documents/Xilinx/organwsh/LAB2/IFSTAGE.vhd" sub00/vhpl39 1520973351
EN rf NULL "C:/Users/xristos ziskas/Documents/Xilinx/organwsh/LAB2/RF.vhd" sub00/vhpl28 1520973340
EN ifstage NULL "C:/Users/xristos ziskas/Documents/Xilinx/organwsh/LAB2/IFSTAGE.vhd" sub00/vhpl38 1520973350
AR memstage behavioral "C:/Users/xristos ziskas/Documents/Xilinx/organwsh/LAB2/MEMSTAGE.vhd" sub00/vhpl43 1520973355
EN semodule NULL "C:/Users/xristos ziskas/Documents/Xilinx/organwsh/LAB2/Shift_extend.vhd" sub00/vhpl32 1520973344
AR mux4to1_32bit behavioral "C:/Users/xristos ziskas/Documents/Xilinx/organwsh/LAB2/Mux4to1_32bit.vhd" sub00/vhpl05 1520973317
AR compmodule behavioral "C:/Users/xristos ziskas/Documents/Xilinx/organwsh/LAB2/CompModule.vhd" sub00/vhpl25 1520973337
EN pc_incrementor NULL "C:/Users/xristos ziskas/Documents/Xilinx/organwsh/LAB2/PC_Incrementor.vhd" sub00/vhpl34 1520973346
EN mux2to1_1bit NULL "C:/Users/xristos ziskas/Documents/Xilinx/organwsh/LAB2/Mux2to1_1bit.vhd" sub00/vhpl00 1520973312
EN logicops NULL "C:/Users/xristos ziskas/Documents/Xilinx/organwsh/LAB2/logicOps.vhd" sub00/vhpl12 1520973324
AR mux2to1_1bit behavioral "C:/Users/xristos ziskas/Documents/Xilinx/organwsh/LAB2/Mux2to1_1bit.vhd" sub00/vhpl01 1520973313
AR mux16to1_32bit behavioral "C:/Users/xristos ziskas/Documents/Xilinx/organwsh/LAB2/Mux16to1_32bit.vhd" sub00/vhpl09 1520973321
EN arops NULL "C:/Users/xristos ziskas/Documents/Xilinx/organwsh/LAB2/arOps.vhd" sub00/vhpl14 1520973326
AR decode5to32 behavioral "C:/Users/xristos ziskas/Documents/Xilinx/organwsh/LAB2/Decode5to32.vhd" sub00/vhpl19 1520973331
EN ram NULL "C:/Users/xristos ziskas/Documents/Xilinx/organwsh/LAB2/RAM.vhd" sub00/vhpl40 1520973352
EN mux32to1_32bit NULL "C:/Users/xristos ziskas/Documents/Xilinx/organwsh/LAB2/Mux32to1_32bit.vhd" sub00/vhpl22 1520973334
AR mux2to1_32bit behavioral "C:/Users/xristos ziskas/Documents/Xilinx/organwsh/LAB2/Mux2to1_32bit.vhd" sub00/vhpl03 1520973315
EN reg NULL "C:/Users/xristos ziskas/Documents/Xilinx/organwsh/LAB2/Reg.vhd" sub00/vhpl20 1520973332
EN mux16to1_32bit NULL "C:/Users/xristos ziskas/Documents/Xilinx/organwsh/LAB2/Mux16to1_32bit.vhd" sub00/vhpl08 1520973320
AR pc behavioral "C:/Users/xristos ziskas/Documents/Xilinx/organwsh/LAB2/PC.vhd" sub00/vhpl37 1520973349
EN alu NULL "C:/Users/xristos ziskas/Documents/Xilinx/organwsh/LAB2/ALU.vhd" sub00/vhpl26 1520973338
