AR mux32to1_32bit behavioral "C:/Users/xristos ziskas/Documents/Xilinx/organwsh/LAB1/Mux32to1_32bit.vhd" sub00/vhpl23 1519000023
AR rf behavioral "C:/Users/xristos ziskas/Documents/Xilinx/organwsh/LAB1/RF.vhd" sub00/vhpl27 1519000027
AR mux8to1_32bit behavioral "C:/Users/xristos ziskas/Documents/Xilinx/organwsh/LAB1/Mux8to1_32bit.vhd" sub00/vhpl15 1519000015
EN mux4to1_32bit NULL "C:/Users/xristos ziskas/Documents/Xilinx/organwsh/LAB1/Mux4to1_32bit.vhd" sub00/vhpl12 1519000012
AR shiftops behavioral "C:/Users/xristos ziskas/Documents/Xilinx/organwsh/LAB1/shiftOps.vhd" sub00/vhpl05 1518999320
AR arops behavioral "C:/Users/xristos ziskas/Documents/Xilinx/organwsh/LAB1/arOps.vhd" sub00/vhpl03 1518999318
AR alu behavioral "C:/Users/xristos ziskas/Documents/Xilinx/organwsh/LAB1/ALU.vhd" sub00/vhpl07 1518999322
AR logicops behavioral "C:/Users/xristos ziskas/Documents/Xilinx/organwsh/LAB1/logicOps.vhd" sub00/vhpl01 1518999316
AR reg behavioral "C:/Users/xristos ziskas/Documents/Xilinx/organwsh/LAB1/Reg.vhd" sub00/vhpl21 1519000021
EN shiftops NULL "C:/Users/xristos ziskas/Documents/Xilinx/organwsh/LAB1/shiftOps.vhd" sub00/vhpl04 1518999319
EN mux8to1_32bit NULL "C:/Users/xristos ziskas/Documents/Xilinx/organwsh/LAB1/Mux8to1_32bit.vhd" sub00/vhpl14 1519000014
EN decode5to32 NULL "C:/Users/xristos ziskas/Documents/Xilinx/organwsh/LAB1/Decode5to32.vhd" sub00/vhpl18 1519000018
EN compmodule NULL "C:/Users/xristos ziskas/Documents/Xilinx/organwsh/LAB1/CompModule.vhd" sub00/vhpl24 1519000024
EN mux2to1_32bit NULL "C:/Users/xristos ziskas/Documents/Xilinx/organwsh/LAB1/Mux2to1_32bit.vhd" sub00/vhpl10 1519000010
EN rf NULL "C:/Users/xristos ziskas/Documents/Xilinx/organwsh/LAB1/RF.vhd" sub00/vhpl26 1519000026
AR mux4to1_32bit behavioral "C:/Users/xristos ziskas/Documents/Xilinx/organwsh/LAB1/Mux4to1_32bit.vhd" sub00/vhpl13 1519000013
AR compmodule behavioral "C:/Users/xristos ziskas/Documents/Xilinx/organwsh/LAB1/CompModule.vhd" sub00/vhpl25 1519000025
EN mux2to1_1bit NULL "C:/Users/xristos ziskas/Documents/Xilinx/organwsh/LAB1/Mux2to1_1bit.vhd" sub00/vhpl08 1519000008
EN logicops NULL "C:/Users/xristos ziskas/Documents/Xilinx/organwsh/LAB1/logicOps.vhd" sub00/vhpl00 1518999315
AR mux2to1_1bit behavioral "C:/Users/xristos ziskas/Documents/Xilinx/organwsh/LAB1/Mux2to1_1bit.vhd" sub00/vhpl09 1519000009
AR mux16to1_32bit behavioral "C:/Users/xristos ziskas/Documents/Xilinx/organwsh/LAB1/Mux16to1_32bit.vhd" sub00/vhpl17 1519000017
EN arops NULL "C:/Users/xristos ziskas/Documents/Xilinx/organwsh/LAB1/arOps.vhd" sub00/vhpl02 1518999317
AR decode5to32 behavioral "C:/Users/xristos ziskas/Documents/Xilinx/organwsh/LAB1/Decode5to32.vhd" sub00/vhpl19 1519000019
EN mux32to1_32bit NULL "C:/Users/xristos ziskas/Documents/Xilinx/organwsh/LAB1/Mux32to1_32bit.vhd" sub00/vhpl22 1519000022
AR mux2to1_32bit behavioral "C:/Users/xristos ziskas/Documents/Xilinx/organwsh/LAB1/Mux2to1_32bit.vhd" sub00/vhpl11 1519000011
EN reg NULL "C:/Users/xristos ziskas/Documents/Xilinx/organwsh/LAB1/Reg.vhd" sub00/vhpl20 1519000020
EN mux16to1_32bit NULL "C:/Users/xristos ziskas/Documents/Xilinx/organwsh/LAB1/Mux16to1_32bit.vhd" sub00/vhpl16 1519000016
EN alu NULL "C:/Users/xristos ziskas/Documents/Xilinx/organwsh/LAB1/ALU.vhd" sub00/vhpl06 1518999321
